// Jest Snapshot v1, https://goo.gl/fbAQLP

exports[`Error page is rendered correctly 1`] = `
<div
  className="MuiBox-root MuiBox-root-1 page"
>
  <h1>
    404 | Page Not Found.
  </h1>
  <button
    className="MuiButtonBase-root MuiButton-root MuiButton-outlined MuiButton-outlinedPrimary"
    disabled={false}
    onBlur={[Function]}
    onClick={[Function]}
    onDragLeave={[Function]}
    onFocus={[Function]}
    onKeyDown={[Function]}
    onKeyUp={[Function]}
    onMouseDown={[Function]}
    onMouseEnter={[Function]}
    onMouseLeave={[Function]}
    onMouseUp={[Function]}
    onTouchEnd={[Function]}
    onTouchMove={[Function]}
    onTouchStart={[Function]}
    tabIndex={0}
    type="button"
  >
    <span
      className="MuiButton-label"
    >
      Go home
    </span>
  </button>
</div>
`;
